// Jest Snapshot v1, https://goo.gl/fbAQLP

exports[`"fallback" option should should work with "false" value: errors 1`] = `Array []`;

exports[`"fallback" option should should work with "false" value: result 1`] = `"{\\"postMessage\\":true,\\"onmessage\\":true}"`;

exports[`"fallback" option should should work with "false" value: warnings 1`] = `Array []`;

exports[`"fallback" option should should work with "true" value: errors 1`] = `Array []`;

exports[`"fallback" option should should work with "true" value: result 1`] = `"{\\"postMessage\\":true,\\"onmessage\\":true}"`;

exports[`"fallback" option should should work with "true" value: warnings 1`] = `Array []`;

exports[`"fallback" option should work by default: errors 1`] = `Array []`;

exports[`"fallback" option should work by default: result 1`] = `"{\\"postMessage\\":true,\\"onmessage\\":true}"`;

exports[`"fallback" option should work by default: warnings 1`] = `Array []`;
